src/app/api/admin/distribute-profit/route.ts(134,53): error TS2339: Property 'errors' does not exist on type 'ZodError<unknown>'.
src/app/api/admin/users/route.ts(79,53): error TS2339: Property 'errors' does not exist on type 'ZodError<unknown>'.
src/app/api/admin/withdraw/manage/route.ts(89,53): error TS2339: Property 'errors' does not exist on type 'ZodError<unknown>'.
src/app/api/auth/register/route.ts(66,32): error TS2339: Property 'errors' does not exist on type 'ZodError<unknown>'.
src/app/api/content/route.ts(59,53): error TS2339: Property 'errors' does not exist on type 'ZodError<unknown>'.
src/app/api/finance/deposit/route.ts(70,53): error TS2339: Property 'errors' does not exist on type 'ZodError<unknown>'.
src/app/api/finance/deposit/verify/route.ts(54,13): error TS2322: Type '"SUCCESS"' is not assignable to type 'DepositStatus'.
src/app/api/finance/deposit/verify/route.ts(83,13): error TS2322: Type '"FAILED"' is not assignable to type 'DepositStatus'.
src/app/api/finance/withdraw/route.ts(61,53): error TS2339: Property 'errors' does not exist on type 'ZodError<unknown>'.
